[dotenv@17.3.1] injecting env (19) from .env.local -- tip: ÔÜÖ´©Å  load multiple .env files with { path: ['.env.local', '.env'] }
[IYZICO Auth Debug] URI: https://sandbox-api.iyzipay.com/v2/subscription/subscriptions/d46014ae-68de-4f8d-a2ab-7b3be5efa9ab
[IYZICO Auth Debug] Payload: 177158955096326331926/v2/subscription/subscriptions/d46014ae-68de-4f8d-a2ab-7b3be5efa9ab{}
[IYZICO Auth Debug] Signature: c177d7f3b45d1071ea211fcf9c7cbf011cf2fefeda8fd5288bb80b9cf7eb8af1
REF: d46014ae-68de-4f8d-a2ab-7b3be5efa9ab - No orders found or error: Authentication failed!
